<?xml version="1.0" encoding="UTF-8"?>
<testsuites>
  <testsuite name="Placeholder" tests="0" assertions="0" errors="0" warnings="0" failures="0" skipped="0" time="0">
  </testsuite>
</testsuites>